
> preview
> vite preview

The plugin "vite-tsconfig-paths" is detected. Vite now supports tsconfig paths resolution natively via the resolve.tsconfigPaths option. You can remove the plugin and set resolve.tsconfigPaths: true in your Vite config instead.
Port 4173 is in use, trying another one...
Port 4174 is in use, trying another one...
  ➜  Local:   http://localhost:4175/
  ➜  Network: http://169.254.8.1:4175/    ipvlan-eth0
  ➜  Network: http://169.254.9.1:4175/    ipvlan-eth1
  ➜  Network: http://169.254.169.1:4175/  ipvlan-eth1
Error [ERR_MODULE_NOT_FOUND]: Cannot find module '/app/applet/dist/server/server.js' imported from /app/applet/node_modules/@tanstack/start-plugin-core/dist/esm/vite/preview-server-plugin/plugin.js
    at finalizeResolution (node:internal/modules/esm/resolve:275:11)
    at moduleResolve (node:internal/modules/esm/resolve:861:10)
    at defaultResolve (node:internal/modules/esm/resolve:985:11)
    at #cachedDefaultResolve (node:internal/modules/esm/loader:747:20)
    at #resolveAndMaybeBlockOnLoaderThread (node:internal/modules/esm/loader:783:38)
    at nextStep (node:internal/modules/customization_hooks:189:26)
    at Ie (file:///app/applet/node_modules/@tailwindcss/node/dist/index.mjs:1:539)
    at nextStep (node:internal/modules/customization_hooks:189:26)
    at resolveWithHooks (node:internal/modules/customization_hooks:417:10)
    at ModuleLoader.resolveSync (node:internal/modules/esm/loader:803:14)
Error [ERR_MODULE_NOT_FOUND]: Cannot find module '/app/applet/dist/server/server.js' imported from /app/applet/node_modules/@tanstack/start-plugin-core/dist/esm/vite/preview-server-plugin/plugin.js
    at finalizeResolution (node:internal/modules/esm/resolve:275:11)
    at moduleResolve (node:internal/modules/esm/resolve:861:10)
    at defaultResolve (node:internal/modules/esm/resolve:985:11)
    at #cachedDefaultResolve (node:internal/modules/esm/loader:747:20)
    at #resolveAndMaybeBlockOnLoaderThread (node:internal/modules/esm/loader:783:38)
    at nextStep (node:internal/modules/customization_hooks:189:26)
    at Ie (file:///app/applet/node_modules/@tailwindcss/node/dist/index.mjs:1:539)
    at nextStep (node:internal/modules/customization_hooks:189:26)
    at resolveWithHooks (node:internal/modules/customization_hooks:417:10)
    at ModuleLoader.resolveSync (node:internal/modules/esm/loader:803:14)
